---
source: src/main.rs
description: "[\"sr-only\", \"uppercase\", \"!visible\", \"visible\", \"mx-1\", \"w-[10px]\", \"absolute\", \"MuiButton-startIcon\", \"pb-6\", \"text-sm\", \"w-10/11\", \"w-10\", \"bg-blue-500\", \"text-white\", \"bg-blue-600\", \"bg-white\", \"py-1\", \"py-2\", \"px-2\", \"px-4\", \"border-gray-400\", \"text-gray-800\", \"bg-gray-100\"]\n"
info: basic/fixtures/sample2.tsx
---
import React from "react";
import { cva, type VariantProps } from "class-variance-authority";

const button = cva("button", {
  variants: {
    intent: {
      primary: ["bg-blue-500", "text-white", "hover:bg-blue-600"],
      secondary: [
        "bg-white",
        "text-gray-800",
        "border-gray-400",
        "hover:bg-gray-100",
      ],
    },
    size: {
      small: ["text-sm", "py-1", "px-2"],
      medium: ["py-2", "px-4"],
    },
  },
  compoundVariants: [{ intent: "primary", size: "medium", class: "uppercase" }],
  defaultVariants: {
    intent: "primary",
    size: "medium",
  },
});

export interface ButtonProps
  extends React.ButtonHTMLAttributes<HTMLButtonElement>,
    VariantProps<typeof button> {}

export const Button: React.FC<ButtonProps> = ({
  className,
  intent,
  size,
  ...props
}) => <button className={button({ intent, size, className })} {...props} />;
