---
source: src/main.rs
description: "prop:classes prop:className"
info: object_outside/fixtures/nested/sample2.tsx
---
import React from "react";
export default function Foo() {
    return (<div className="sr-only visible untouched sm:[&_button]:text-sm" intent="karma">

      <Button className="[&>.MuiButton-startIcon]:absolute" startIcon={<Icon className="text-gray-800">email</Icon>}>

        <span className="MuiButton-startIcon w-10/11">Ã—</span>

        Button

      </Button>



      <Alert iconProps={{
        className: "tw-text-sm tw-text-white"
    }}></Alert>



      <span className="[&>*]:w-[10px] [&]:last-of-type:pb-6 untouched"> </span>

    </div>);
}
export function Bar() {
    return (<Paper classes={{
        root: "bg-white",
        paper: "bg-blue-500"
    }} bodyClassName="bg-blue-500 text-sm" buttonClassName="py-2 text-sm">

      {React.createElement(Dialog, {
        className: "tw-w-10",
        classes: {
            root: "tw-bg-blue-500 tw-px-4"
        }
    })}

    </Paper>);
}
