---
source: src/main.rs
description: "[\"sr-only\", \"uppercase\", \"!visible\", \"visible\", \"mx-1\", \"w-[10px]\", \"absolute\", \"MuiButton-startIcon\", \"pb-6\", \"text-sm\", \"w-10/11\", \"w-10\", \"bg-blue-500\", \"text-white\", \"bg-blue-600\", \"bg-white\", \"py-1\", \"py-2\", \"px-2\", \"px-4\", \"border-gray-400\", \"text-gray-800\", \"bg-gray-100\"]\n"
info: basic/fixtures/nested/sample2.tsx
---
import React from "react";

export default function Foo() {
  return (
    <div
      className="tw-sr-only tw-visible untouched sm:[&_button]:tw-text-sm"
      intent="karma"
    >
      <Button
        className="[&>.MuiButton-startIcon]:tw-absolute"
        startIcon={<Icon className="tw-text-gray-800">email</Icon>}
      >
        <span className="tw-MuiButton-startIcon tw-w-10/11">Ã—</span>
        Button
      </Button>

      <Alert
        iconProps={{
          className: "text-sm text-white",
        }}
      ></Alert>

      <span className="[&>*]:tw-w-[10px] [&]:last-of-type:tw-pb-6 untouched"> </span>
    </div>
  );
}

export function Bar() {
  return (
    <Paper
      classes={{
        root: "bg-white",
        paper: "bg-blue-500",
      }}
      bodyClassName="bg-blue-500 text-sm"
      buttonClassName="py-2 text-sm"
    >
      {React.createElement(Dialog, {
        className: "w-10",
        classes: {
          root: "bg-blue-500 px-4",
        },
      })}
    </Paper>
  );
}
