---
source: src/main.rs
info: preserves_comments/fixtures/sample_comments.jsx
---
import React from "react";

/**
 * This should be preserved
 *
 */
export default function Foo() {
  return (
    // asdfasdfj
    <div
      className="tw-sr-only tw-visible untouched sm:[&_button]:tw-text-sm"
      intent="karma" // This also should be preserved
    >
      {/* This also should be preserved */}
      <Button className="[&>.MuiButton-startIcon]:tw-absolute">
        <span className="tw-MuiButton-startIcon tw-w-10/11">Ã—</span>
        Button
      </Button>

      <span className="[&>*]:tw-w-[10px] [&]:last-of-type:tw-pb-6 untouched"> </span>
    </div>
  );
}

// asdfasdf asdf;lkj
const props = {
  className: "uppercase visible",
};
