---
source: src/main.rs
info: fixtures/sample.css
---
["sr-only", "!visible", "visible", "mx-1", "w-[10px]", "absolute", "MuiButton-startIcon", "pb-6", "text-sm", "w-10/11", "w-10"]
