---
source: src/main.rs
description: "fn:cva"
info: cva/fixtures/sample2.tsx
---
import React from "react";
import { cva, type VariantProps } from "class-variance-authority";
const button = cva("button", {
    variants: {
        intent: {
            primary: [
                "tw-bg-blue-500",
                "tw-text-white",
                "hover:tw-bg-blue-600"
            ],
            secondary: [
                "tw-bg-white",
                "tw-text-gray-800",
                "tw-border-gray-400",
                "hover:tw-bg-gray-100"
            ]
        },
        size: {
            small: [
                "tw-text-sm",
                "tw-py-1",
                "tw-px-2"
            ],
            medium: [
                "tw-py-2",
                "tw-px-4"
            ]
        }
    },
    compoundVariants: [
        {
            intent: "primary",
            size: "medium",
            class: "tw-uppercase"
        }
    ],
    defaultVariants: {
        intent: "primary",
        size: "medium"
    }
});
export interface ButtonProps extends React.ButtonHTMLAttributes<HTMLButtonElement>, VariantProps<typeof button> {
}
export const Button: React.FC<ButtonProps> = ({ className, intent, size, ...props })=><button className={button({
        intent,
        size,
        className
    })} {...props}/>;
