---
source: src/main.rs
description: "prop:classes prop:className"
info: object_outside/fixtures/sample.tsx
---
import React from "react";
export default function Foo() {
    return (<div className="sr-only visible untouched sm:[&_button]:text-sm" intent="karma">

      <Button className="[&>.MuiButton-startIcon]:absolute">

        <span className="MuiButton-startIcon w-10/11">Ã—</span>

        Button

      </Button>



      <span className="[&>*]:w-[10px] [&]:last-of-type:pb-6 untouched"> </span>

    </div>);
}
const props = {
    className: "tw-uppercase tw-visible"
};
